[0m18:54:53  Running with dbt=1.11.12
[0m18:54:56  Registered adapter: duckdb=1.10.1
[0m18:54:58  Unable to do partial parsing because a project config has changed
[0m18:55:34  [[33mWARNING[0m]: Configuration paths exist in your dbt_project.yml file which do not apply to any resources.
There are 2 unused configuration paths:
- models.vivo_energy_360.intermediate
- seeds.vivo_energy_360
[0m18:55:35  Found 308 models, 1 operation, 4 snapshots, 322 data tests, 167 sources, 7 exposures, 621 macros
[0m18:55:35  
[0m18:55:35  Concurrency: 8 threads (target='duckdb_local')
[0m18:55:35  
[0m18:55:40  1 of 641 START sql view model main_quarantine.qtn_bridge_asset_site ............ [RUN]
[0m18:55:40  2 of 641 START sql view model main_quarantine.qtn_bridge_customer_contract ..... [RUN]
[0m18:55:40  3 of 641 START sql view model main_quarantine.qtn_bridge_customer_hierarchy .... [RUN]
[0m18:55:40  4 of 641 START sql view model main_quarantine.qtn_bridge_customer_site ......... [RUN]
[0m18:55:40  5 of 641 START sql view model main_quarantine.qtn_bridge_employee_site ......... [RUN]
[0m18:55:40  6 of 641 START sql view model main_quarantine.qtn_bridge_product_hierarchy ..... [RUN]
[0m18:55:40  7 of 641 START sql view model main_quarantine.qtn_bridge_route_site ............ [RUN]
[0m18:55:40  8 of 641 START sql view model main_quarantine.qtn_bridge_site_hierarchy ........ [RUN]
[0m18:55:41  3 of 641 ERROR creating sql view model main_quarantine.qtn_bridge_customer_hierarchy  [[31mERROR[0m in 0.67s]
[0m18:55:41  7 of 641 ERROR creating sql view model main_quarantine.qtn_bridge_route_site ... [[31mERROR[0m in 0.69s]
[0m18:55:41  1 of 641 ERROR creating sql view model main_quarantine.qtn_bridge_asset_site ... [[31mERROR[0m in 0.70s]
[0m18:55:41  5 of 641 ERROR creating sql view model main_quarantine.qtn_bridge_employee_site  [[31mERROR[0m in 0.70s]
[0m18:55:41  6 of 641 ERROR creating sql view model main_quarantine.qtn_bridge_product_hierarchy  [[31mERROR[0m in 0.70s]
[0m18:55:41  4 of 641 ERROR creating sql view model main_quarantine.qtn_bridge_customer_site  [[31mERROR[0m in 0.71s]
[0m18:55:41  2 of 641 ERROR creating sql view model main_quarantine.qtn_bridge_customer_contract  [[31mERROR[0m in 0.71s]
[0m18:55:41  8 of 641 ERROR creating sql view model main_quarantine.qtn_bridge_site_hierarchy  [[31mERROR[0m in 0.71s]
[0m18:55:41  9 of 641 START sql view model main_quarantine.qtn_bridge_site_product .......... [RUN]
[0m18:55:41  10 of 641 START sql view model main_quarantine.qtn_bridge_site_promotion ....... [RUN]
[0m18:55:41  11 of 641 START sql view model main_quarantine.qtn_bridge_supplier_product ..... [RUN]
[0m18:55:41  12 of 641 START sql view model main_quarantine.qtn_dim_asset ................... [RUN]
[0m18:55:41  13 of 641 START sql view model main_quarantine.qtn_dim_campaign ................ [RUN]
[0m18:55:41  14 of 641 START sql view model main_quarantine.qtn_dim_carrier ................. [RUN]
[0m18:55:41  15 of 641 START sql view model main_quarantine.qtn_dim_contract ................ [RUN]
[0m18:55:41  16 of 641 START sql view model main_quarantine.qtn_dim_currency ................ [RUN]
[0m18:55:42  9 of 641 ERROR creating sql view model main_quarantine.qtn_bridge_site_product . [[31mERROR[0m in 0.45s]
[0m18:55:42  10 of 641 ERROR creating sql view model main_quarantine.qtn_bridge_site_promotion  [[31mERROR[0m in 0.46s]
[0m18:55:42  11 of 641 ERROR creating sql view model main_quarantine.qtn_bridge_supplier_product  [[31mERROR[0m in 0.46s]
[0m18:55:42  12 of 641 ERROR creating sql view model main_quarantine.qtn_dim_asset .......... [[31mERROR[0m in 0.47s]
[0m18:55:42  13 of 641 ERROR creating sql view model main_quarantine.qtn_dim_campaign ....... [[31mERROR[0m in 0.48s]
[0m18:55:42  15 of 641 ERROR creating sql view model main_quarantine.qtn_dim_contract ....... [[31mERROR[0m in 0.49s]
[0m18:55:42  14 of 641 ERROR creating sql view model main_quarantine.qtn_dim_carrier ........ [[31mERROR[0m in 0.49s]
[0m18:55:42  16 of 641 ERROR creating sql view model main_quarantine.qtn_dim_currency ....... [[31mERROR[0m in 0.49s]
[0m18:55:42  17 of 641 START sql view model main_quarantine.qtn_dim_customer ................ [RUN]
[0m18:55:42  18 of 641 START sql view model main_quarantine.qtn_dim_depot ................... [RUN]
[0m18:55:42  19 of 641 START sql view model main_quarantine.qtn_dim_digital_user ............ [RUN]
[0m18:55:42  20 of 641 START sql view model main_quarantine.qtn_dim_driver .................. [RUN]
[0m18:55:42  21 of 641 START sql view model main_quarantine.qtn_dim_employee ................ [RUN]
[0m18:55:42  22 of 641 START sql view model main_quarantine.qtn_dim_equipment ............... [RUN]
[0m18:55:42  23 of 641 START sql view model main_quarantine.qtn_dim_ev_charger .............. [RUN]
[0m18:55:42  24 of 641 START sql view model main_quarantine.qtn_dim_loyalty_member .......... [RUN]
[0m18:55:42  22 of 641 ERROR creating sql view model main_quarantine.qtn_dim_equipment ...... [[31mERROR[0m in 0.61s]
[0m18:55:42  17 of 641 ERROR creating sql view model main_quarantine.qtn_dim_customer ....... [[31mERROR[0m in 0.69s]
[0m18:55:42  19 of 641 ERROR creating sql view model main_quarantine.qtn_dim_digital_user ... [[31mERROR[0m in 0.68s]
[0m18:55:42  20 of 641 ERROR creating sql view model main_quarantine.qtn_dim_driver ......... [[31mERROR[0m in 0.69s]
[0m18:55:42  18 of 641 ERROR creating sql view model main_quarantine.qtn_dim_depot .......... [[31mERROR[0m in 0.70s]
[0m18:55:42  21 of 641 ERROR creating sql view model main_quarantine.qtn_dim_employee ....... [[31mERROR[0m in 0.68s]
[0m18:55:42  25 of 641 START sql view model main_quarantine.qtn_dim_lpg_cylinder_type ....... [RUN]
[0m18:55:42  26 of 641 START sql view model main_quarantine.qtn_dim_price_zone .............. [RUN]
[0m18:55:42  27 of 641 START sql view model main_quarantine.qtn_dim_product ................. [RUN]
[0m18:55:42  28 of 641 START sql view model main_quarantine.qtn_dim_promotion ............... [RUN]
[0m18:55:42  29 of 641 START sql view model main_quarantine.qtn_dim_pump .................... [RUN]
[0m18:55:42  30 of 641 START sql view model main_quarantine.qtn_dim_route ................... [RUN]
[0m18:55:44  24 of 641 ERROR creating sql view model main_quarantine.qtn_dim_loyalty_member . [[31mERROR[0m in 0.59s]
[0m18:55:44  25 of 641 ERROR creating sql view model main_quarantine.qtn_dim_lpg_cylinder_type  [[31mERROR[0m in 0.40s]
[0m18:55:44  27 of 641 ERROR creating sql view model main_quarantine.qtn_dim_product ........ [[31mERROR[0m in 0.39s]
[0m18:55:44  26 of 641 ERROR creating sql view model main_quarantine.qtn_dim_price_zone ..... [[31mERROR[0m in 0.40s]
[0m18:55:44  23 of 641 ERROR creating sql view model main_quarantine.qtn_dim_ev_charger ..... [[31mERROR[0m in 0.64s]
[0m18:55:44  28 of 641 ERROR creating sql view model main_quarantine.qtn_dim_promotion ...... [[31mERROR[0m in 0.39s]
[0m18:55:44  30 of 641 ERROR creating sql view model main_quarantine.qtn_dim_route .......... [[31mERROR[0m in 0.37s]
[0m18:55:44  29 of 641 ERROR creating sql view model main_quarantine.qtn_dim_pump ........... [[31mERROR[0m in 0.39s]
[0m18:55:45  31 of 641 START sql view model main_quarantine.qtn_dim_site .................... [RUN]
[0m18:55:45  32 of 641 START sql view model main_quarantine.qtn_dim_solar_asset ............. [RUN]
[0m18:55:45  33 of 641 START sql view model main_quarantine.qtn_dim_supplier ................ [RUN]
[0m18:55:45  34 of 641 START sql view model main_quarantine.qtn_dim_tank .................... [RUN]
[0m18:55:45  35 of 641 START sql view model main_quarantine.qtn_dim_terminal ................ [RUN]
[0m18:55:45  36 of 641 START sql view model main_quarantine.qtn_dim_vehicle ................. [RUN]
[0m18:55:45  37 of 641 START sql view model main_quarantine.qtn_dim_warehouse ............... [RUN]
[0m18:55:45  38 of 641 START sql view model main_quarantine.qtn_fact_accounts_payable ....... [RUN]
[0m18:55:45  31 of 641 ERROR creating sql view model main_quarantine.qtn_dim_site ........... [[31mERROR[0m in 0.66s]
[0m18:55:45  32 of 641 ERROR creating sql view model main_quarantine.qtn_dim_solar_asset .... [[31mERROR[0m in 0.65s]
[0m18:55:45  33 of 641 ERROR creating sql view model main_quarantine.qtn_dim_supplier ....... [[31mERROR[0m in 0.65s]
[0m18:55:45  35 of 641 ERROR creating sql view model main_quarantine.qtn_dim_terminal ....... [[31mERROR[0m in 0.65s]
[0m18:55:45  34 of 641 ERROR creating sql view model main_quarantine.qtn_dim_tank ........... [[31mERROR[0m in 0.66s]
[0m18:55:45  36 of 641 ERROR creating sql view model main_quarantine.qtn_dim_vehicle ........ [[31mERROR[0m in 0.66s]
[0m18:55:45  37 of 641 ERROR creating sql view model main_quarantine.qtn_dim_warehouse ...... [[31mERROR[0m in 0.67s]
[0m18:55:45  38 of 641 ERROR creating sql view model main_quarantine.qtn_fact_accounts_payable  [[31mERROR[0m in 0.67s]
[0m18:55:45  39 of 641 START sql view model main_quarantine.qtn_fact_accounts_receivable .... [RUN]
[0m18:55:45  40 of 641 START sql view model main_quarantine.qtn_fact_aircraft_uplifts ....... [RUN]
[0m18:55:45  41 of 641 START sql view model main_quarantine.qtn_fact_asset_downtime ......... [RUN]
[0m18:55:45  42 of 641 START sql view model main_quarantine.qtn_fact_asset_failures ......... [RUN]
[0m18:55:45  43 of 641 START sql view model main_quarantine.qtn_fact_asset_inspections ...... [RUN]
[0m18:55:45  44 of 641 START sql view model main_quarantine.qtn_fact_asset_meter_readings ... [RUN]
[0m18:55:45  45 of 641 START sql view model main_quarantine.qtn_fact_aviation_inventory_snapshot  [RUN]
[0m18:55:45  46 of 641 START sql view model main_quarantine.qtn_fact_aviation_sales ......... [RUN]
[0m18:55:46  39 of 641 ERROR creating sql view model main_quarantine.qtn_fact_accounts_receivable  [[31mERROR[0m in 0.54s]
[0m18:55:46  40 of 641 ERROR creating sql view model main_quarantine.qtn_fact_aircraft_uplifts  [[31mERROR[0m in 0.55s]
[0m18:55:46  41 of 641 ERROR creating sql view model main_quarantine.qtn_fact_asset_downtime  [[31mERROR[0m in 0.56s]
[0m18:55:46  42 of 641 ERROR creating sql view model main_quarantine.qtn_fact_asset_failures  [[31mERROR[0m in 0.56s]
[0m18:55:46  43 of 641 ERROR creating sql view model main_quarantine.qtn_fact_asset_inspections  [[31mERROR[0m in 0.56s]
[0m18:55:46  44 of 641 ERROR creating sql view model main_quarantine.qtn_fact_asset_meter_readings  [[31mERROR[0m in 0.56s]
[0m18:55:46  45 of 641 ERROR creating sql view model main_quarantine.qtn_fact_aviation_inventory_snapshot  [[31mERROR[0m in 0.57s]
[0m18:55:46  47 of 641 START sql view model main_quarantine.qtn_fact_budget ................. [RUN]
[0m18:55:46  46 of 641 ERROR creating sql view model main_quarantine.qtn_fact_aviation_sales  [[31mERROR[0m in 0.54s]
[0m18:55:46  48 of 641 START sql view model main_quarantine.qtn_fact_budget_vs_actual ....... [RUN]
[0m18:55:46  49 of 641 START sql view model main_quarantine.qtn_fact_bunker_deliveries ...... [RUN]
[0m18:55:46  50 of 641 START sql view model main_quarantine.qtn_fact_campaign_responses ..... [RUN]
[0m18:55:46  51 of 641 START sql view model main_quarantine.qtn_fact_capex .................. [RUN]
[0m18:55:46  52 of 641 START sql view model main_quarantine.qtn_fact_cashflow ............... [RUN]
[0m18:55:46  53 of 641 START sql view model main_quarantine.qtn_fact_commercial_deliveries .. [RUN]
[0m18:55:46  54 of 641 START sql view model main_quarantine.qtn_fact_commercial_order_lines . [RUN]
[0m18:55:46  47 of 641 ERROR creating sql view model main_quarantine.qtn_fact_budget ........ [[31mERROR[0m in 0.56s]
[0m18:55:46  48 of 641 ERROR creating sql view model main_quarantine.qtn_fact_budget_vs_actual  [[31mERROR[0m in 0.56s]
[0m18:55:47  49 of 641 ERROR creating sql view model main_quarantine.qtn_fact_bunker_deliveries  [[31mERROR[0m in 0.57s]
[0m18:55:47  52 of 641 ERROR creating sql view model main_quarantine.qtn_fact_cashflow ...... [[31mERROR[0m in 0.55s]
[0m18:55:47  51 of 641 ERROR creating sql view model main_quarantine.qtn_fact_capex ......... [[31mERROR[0m in 0.58s]
[0m18:55:47  50 of 641 ERROR creating sql view model main_quarantine.qtn_fact_campaign_responses  [[31mERROR[0m in 0.59s]
[0m18:55:47  55 of 641 START sql view model main_quarantine.qtn_fact_commercial_orders ...... [RUN]
[0m18:55:47  56 of 641 START sql view model main_quarantine.qtn_fact_contract_pricing ....... [RUN]
[0m18:55:47  57 of 641 START sql view model main_quarantine.qtn_fact_contract_volume_commitments  [RUN]
[0m18:55:47  58 of 641 START sql view model main_quarantine.qtn_fact_customer_credit_exposure  [RUN]
[0m18:55:47  59 of 641 START sql view model main_quarantine.qtn_fact_customer_invoices ...... [RUN]
[0m18:55:47  60 of 641 START sql view model main_quarantine.qtn_fact_customer_receipts ...... [RUN]
[0m18:55:48  54 of 641 ERROR creating sql view model main_quarantine.qtn_fact_commercial_order_lines  [[31mERROR[0m in 0.53s]
[0m18:55:48  55 of 641 ERROR creating sql view model main_quarantine.qtn_fact_commercial_orders  [[31mERROR[0m in 0.51s]
[0m18:55:48  56 of 641 ERROR creating sql view model main_quarantine.qtn_fact_contract_pricing  [[31mERROR[0m in 0.51s]
[0m18:55:48  53 of 641 ERROR creating sql view model main_quarantine.qtn_fact_commercial_deliveries  [[31mERROR[0m in 0.55s]
[0m18:55:48  57 of 641 ERROR creating sql view model main_quarantine.qtn_fact_contract_volume_commitments  [[31mERROR[0m in 0.51s]
[0m18:55:48  58 of 641 ERROR creating sql view model main_quarantine.qtn_fact_customer_credit_exposure  [[31mERROR[0m in 0.52s]
[0m18:55:48  59 of 641 ERROR creating sql view model main_quarantine.qtn_fact_customer_invoices  [[31mERROR[0m in 0.50s]
[0m18:55:48  60 of 641 ERROR creating sql view model main_quarantine.qtn_fact_customer_receipts  [[31mERROR[0m in 0.50s]
[0m18:55:48  61 of 641 START sql view model main_quarantine.qtn_fact_customer_service_cases . [RUN]
[0m18:55:48  62 of 641 START sql view model main_quarantine.qtn_fact_daily_executive_kpi .... [RUN]
[0m18:55:48  63 of 641 START sql view model main_quarantine.qtn_fact_deliveries ............. [RUN]
[0m18:55:48  64 of 641 START sql view model main_quarantine.qtn_fact_delivery_events ........ [RUN]
[0m18:55:48  65 of 641 START sql view model main_quarantine.qtn_fact_digital_events ......... [RUN]
[0m18:55:48  66 of 641 START sql view model main_quarantine.qtn_fact_digital_sessions ....... [RUN]
[0m18:55:48  67 of 641 START sql view model main_quarantine.qtn_fact_energy_costs ........... [RUN]
[0m18:55:48  68 of 641 START sql view model main_quarantine.qtn_fact_environmental_events ... [RUN]
[0m18:55:49  61 of 641 ERROR creating sql view model main_quarantine.qtn_fact_customer_service_cases  [[31mERROR[0m in 0.58s]
[0m18:55:49  62 of 641 ERROR creating sql view model main_quarantine.qtn_fact_daily_executive_kpi  [[31mERROR[0m in 0.58s]
[0m18:55:49  63 of 641 ERROR creating sql view model main_quarantine.qtn_fact_deliveries .... [[31mERROR[0m in 0.58s]
[0m18:55:49  64 of 641 ERROR creating sql view model main_quarantine.qtn_fact_delivery_events  [[31mERROR[0m in 0.58s]
[0m18:55:49  65 of 641 ERROR creating sql view model main_quarantine.qtn_fact_digital_events  [[31mERROR[0m in 0.59s]
[0m18:55:49  67 of 641 ERROR creating sql view model main_quarantine.qtn_fact_energy_costs .. [[31mERROR[0m in 0.59s]
[0m18:55:49  68 of 641 ERROR creating sql view model main_quarantine.qtn_fact_environmental_events  [[31mERROR[0m in 0.59s]
[0m18:55:49  66 of 641 ERROR creating sql view model main_quarantine.qtn_fact_digital_sessions  [[31mERROR[0m in 0.60s]
[0m18:55:49  69 of 641 START sql view model main_quarantine.qtn_fact_ev_charger_status ...... [RUN]
[0m18:55:49  70 of 641 START sql view model main_quarantine.qtn_fact_ev_charging_sessions ... [RUN]
[0m18:55:49  71 of 641 START sql view model main_quarantine.qtn_fact_finance_revenue_cost ... [RUN]
[0m18:55:49  72 of 641 START sql view model main_quarantine.qtn_fact_fleet_costs ............ [RUN]
[0m18:55:49  73 of 641 START sql view model main_quarantine.qtn_fact_forecast ............... [RUN]
[0m18:55:49  74 of 641 START sql view model main_quarantine.qtn_fact_forecourt_shift ........ [RUN]
[0m18:55:49  75 of 641 START sql view model main_quarantine.qtn_fact_general_ledger ......... [RUN]
[0m18:55:49  76 of 641 START sql view model main_quarantine.qtn_fact_grid_import_export ..... [RUN]
[0m18:55:50  69 of 641 ERROR creating sql view model main_quarantine.qtn_fact_ev_charger_status  [[31mERROR[0m in 0.57s]
[0m18:55:50  70 of 641 ERROR creating sql view model main_quarantine.qtn_fact_ev_charging_sessions  [[31mERROR[0m in 0.57s]
[0m18:55:50  71 of 641 ERROR creating sql view model main_quarantine.qtn_fact_finance_revenue_cost  [[31mERROR[0m in 0.58s]
[0m18:55:50  73 of 641 ERROR creating sql view model main_quarantine.qtn_fact_forecast ...... [[31mERROR[0m in 0.57s]
[0m18:55:50  72 of 641 ERROR creating sql view model main_quarantine.qtn_fact_fleet_costs ... [[31mERROR[0m in 0.58s]
[0m18:55:50  74 of 641 ERROR creating sql view model main_quarantine.qtn_fact_forecourt_shift  [[31mERROR[0m in 0.58s]
[0m18:55:50  75 of 641 ERROR creating sql view model main_quarantine.qtn_fact_general_ledger  [[31mERROR[0m in 0.57s]
[0m18:55:50  77 of 641 START sql view model main_quarantine.qtn_fact_hsseq_incidents ........ [RUN]
[0m18:55:50  76 of 641 ERROR creating sql view model main_quarantine.qtn_fact_grid_import_export  [[31mERROR[0m in 0.58s]
[0m18:55:50  78 of 641 START sql view model main_quarantine.qtn_fact_import_cargoes ......... [RUN]
[0m18:55:50  79 of 641 START sql view model main_quarantine.qtn_fact_inventory_adjustments .. [RUN]
[0m18:55:50  80 of 641 START sql view model main_quarantine.qtn_fact_inventory_movements .... [RUN]
[0m18:55:50  81 of 641 START sql view model main_quarantine.qtn_fact_inventory_snapshot ..... [RUN]
[0m18:55:50  82 of 641 START sql view model main_quarantine.qtn_fact_loyalty_points_balance . [RUN]
[0m18:55:50  83 of 641 START sql view model main_quarantine.qtn_fact_loyalty_transactions ... [RUN]
[0m18:55:50  84 of 641 START sql view model main_quarantine.qtn_fact_lpg_bulk_deliveries .... [RUN]
[0m18:55:51  77 of 641 ERROR creating sql view model main_quarantine.qtn_fact_hsseq_incidents  [[31mERROR[0m in 0.84s]
[0m18:55:51  78 of 641 ERROR creating sql view model main_quarantine.qtn_fact_import_cargoes  [[31mERROR[0m in 0.84s]
[0m18:55:51  80 of 641 ERROR creating sql view model main_quarantine.qtn_fact_inventory_movements  [[31mERROR[0m in 0.84s]
[0m18:55:51  79 of 641 ERROR creating sql view model main_quarantine.qtn_fact_inventory_adjustments  [[31mERROR[0m in 0.86s]
[0m18:55:51  81 of 641 ERROR creating sql view model main_quarantine.qtn_fact_inventory_snapshot  [[31mERROR[0m in 0.87s]
[0m18:55:51  82 of 641 ERROR creating sql view model main_quarantine.qtn_fact_loyalty_points_balance  [[31mERROR[0m in 0.87s]
[0m18:55:51  86 of 641 START sql view model main_quarantine.qtn_fact_lpg_inventory_snapshot . [RUN]
[0m18:55:51  87 of 641 START sql view model main_quarantine.qtn_fact_lpg_sales .............. [RUN]
[0m18:55:51  85 of 641 START sql view model main_quarantine.qtn_fact_lpg_cylinder_movements . [RUN]
[0m18:55:51  89 of 641 START sql view model main_quarantine.qtn_fact_lubricant_orders ....... [RUN]
[0m18:55:51  88 of 641 START sql view model main_quarantine.qtn_fact_lubricant_inventory_snapshot  [RUN]
[0m18:55:51  90 of 641 START sql view model main_quarantine.qtn_fact_lubricant_sales ........ [RUN]
