[1/2] dimensions  profile=portfolio
      82 tables, 5,237,596 rows in 33.9s
[2/2] facts       85 tables, 37,202,000 planned rows
        1/85  fact_accounts_payable                     300,000 rows      5.7 MB     7.3s
        2/85  fact_accounts_receivable                  380,000 rows     12.8 MB    13.8s
        3/85  fact_aircraft_uplifts                     130,000 rows      5.2 MB    12.5s
        4/85  fact_asset_downtime                       120,000 rows      5.4 MB     6.5s
        5/85  fact_asset_failures                        70,000 rows      2.6 MB     4.2s
        6/85  fact_asset_inspections                    200,000 rows      6.9 MB    10.9s
        7/85  fact_asset_meter_readings                 900,000 rows     33.3 MB    62.2s
        8/85  fact_aviation_inventory_snapshot           40,000 rows      1.2 MB     1.7s
        9/85  fact_aviation_sales                       120,000 rows      6.1 MB     6.0s
       10/85  fact_budget                               260,000 rows      6.8 MB    12.4s
       11/85  fact_budget_vs_actual                     240,000 rows      8.8 MB     9.5s
       12/85  fact_bunker_deliveries                     60,000 rows      1.9 MB     2.2s
       13/85  fact_campaign_responses                   260,000 rows      6.6 MB     8.4s
       14/85  fact_capex                                 40,000 rows      1.9 MB     2.4s
       15/85  fact_cashflow                             120,000 rows      5.3 MB     5.2s
       16/85  fact_commercial_deliveries                380,000 rows     19.3 MB    17.4s
       17/85  fact_commercial_order_lines               900,000 rows     43.5 MB    56.7s
       18/85  fact_commercial_orders                    550,000 rows     31.9 MB    18.0s
       19/85  fact_contract_pricing                     120,000 rows      2.4 MB     2.9s
       20/85  fact_contract_volume_commitments           90,000 rows      4.0 MB     2.0s
       21/85  fact_customer_credit_exposure             300,000 rows     10.1 MB     7.8s
       22/85  fact_customer_invoices                    620,000 rows     23.6 MB    18.7s
       23/85  fact_customer_receipts                    560,000 rows     14.8 MB    16.0s
       24/85  fact_customer_service_cases                70,000 rows      2.7 MB     2.4s
       25/85  fact_daily_executive_kpi                  380,000 rows     20.2 MB    10.8s
       26/85  fact_deliveries                           300,000 rows     14.2 MB     9.2s
       27/85  fact_delivery_events                    1,100,000 rows     52.6 MB    29.8s
       28/85  fact_digital_events                     1,500,000 rows     50.7 MB    39.5s
       29/85  fact_digital_sessions                     700,000 rows     23.7 MB    16.2s
       30/85  fact_energy_costs                         160,000 rows      7.6 MB     3.3s
       31/85  fact_environmental_events                  22,000 rows      0.8 MB     0.4s
       32/85  fact_ev_charger_status                    400,000 rows      8.1 MB     8.9s
       33/85  fact_ev_charging_sessions                 150,000 rows      8.0 MB     3.4s
       34/85  fact_finance_revenue_cost                 420,000 rows     22.7 MB     8.0s
       35/85  fact_fleet_costs                          180,000 rows      4.6 MB     3.4s
       36/85  fact_forecast                             300,000 rows     12.3 MB     6.5s
       37/85  fact_forecourt_shift                      420,000 rows     12.4 MB     9.9s
       38/85  fact_general_ledger                     1,400,000 rows     45.0 MB    39.4s
       39/85  fact_grid_import_export                   380,000 rows      9.1 MB     6.4s
       40/85  fact_hsseq_incidents                       15,000 rows      0.6 MB     0.4s
       41/85  fact_import_cargoes                         9,000 rows      0.5 MB     0.3s
       42/85  fact_inventory_adjustments                120,000 rows      5.6 MB     2.4s
       43/85  fact_inventory_movements                  900,000 rows     31.7 MB    20.3s
       44/85  fact_inventory_snapshot                 1,200,000 rows     61.4 MB    25.3s
       45/85  fact_loyalty_points_balance               480,000 rows     11.7 MB     7.7s
       46/85  fact_loyalty_transactions               2,000,000 rows     62.8 MB    51.6s
       47/85  fact_lpg_bulk_deliveries                   70,000 rows      3.2 MB     1.6s
       48/85  fact_lpg_cylinder_movements               300,000 rows      7.9 MB     6.0s
       49/85  fact_lpg_inventory_snapshot               120,000 rows      3.8 MB     6.8s
       50/85  fact_lpg_sales                            400,000 rows     15.0 MB    10.8s
       51/85  fact_lubricant_inventory_snapshot         110,000 rows      3.9 MB     2.2s
       52/85  fact_lubricant_orders                     150,000 rows      4.1 MB     3.1s
       53/85  fact_lubricant_sales                      350,000 rows     14.0 MB     8.4s
       54/85  fact_maintenance_work_orders               80,000 rows      5.5 MB     2.3s
       55/85  fact_marine_inventory_snapshot             30,000 rows      0.9 MB     1.4s
       56/85  fact_marine_sales                          90,000 rows      4.9 MB     3.2s
       57/85  fact_mobile_payments                      520,000 rows     15.3 MB    12.1s
       58/85  fact_near_misses                           46,000 rows      1.3 MB     0.9s
       59/85  fact_opex                                 320,000 rows      6.2 MB     6.6s
       60/85  fact_permit_to_work                       150,000 rows      5.2 MB     3.3s
       61/85  fact_price_changes                        260,000 rows      6.7 MB     5.1s
       62/85  fact_procurement_orders                   190,000 rows      4.6 MB     4.1s
       63/85  fact_procurement_receipts                 250,000 rows     12.1 MB     6.0s
       64/85  fact_promotions                            40,000 rows      1.3 MB     1.0s
       65/85  fact_pump_meter_readings                  800,000 rows     28.9 MB    21.1s
       66/85  fact_replenishment_orders                 260,000 rows      7.5 MB     6.1s
       67/85  fact_retail_fuel_payments                 900,000 rows     30.9 MB    20.7s
       68/85  fact_retail_fuel_sales                  5,000,000 rows    231.6 MB   217.2s
       69/85  fact_route_performance                    150,000 rows      3.5 MB     3.0s
       70/85  fact_safety_observations                  180,000 rows      4.0 MB     3.3s
       71/85  fact_shop_returns                          60,000 rows      1.8 MB     1.3s
       72/85  fact_shop_sales                         3,000,000 rows     99.6 MB   103.2s
       73/85  fact_site_daily_operations                500,000 rows     18.1 MB    10.7s
       74/85  fact_site_energy_consumption              600,000 rows     15.2 MB    11.7s
       75/85  fact_solar_generation                     650,000 rows     20.9 MB    20.4s
       76/85  fact_spare_parts_usage                    190,000 rows      7.8 MB     8.0s
       77/85  fact_stock_losses                          60,000 rows      1.7 MB     2.3s
       78/85  fact_tank_dips                            700,000 rows     26.3 MB    28.7s
       79/85  fact_terminal_issues                      210,000 rows      6.6 MB     4.0s
       80/85  fact_terminal_receipts                    140,000 rows      6.1 MB     3.2s
       81/85  fact_terminal_throughput                  180,000 rows      9.0 MB     3.4s
       82/85  fact_training_compliance                  260,000 rows      4.5 MB     5.0s
       83/85  fact_vehicle_safety_events                 90,000 rows      4.2 MB     1.9s
       84/85  fact_vehicle_trips                        340,000 rows     14.1 MB     8.2s
       85/85  fact_working_capital                       90,000 rows      3.8 MB     1.7s

done  37,202,000 fact rows across 85 fact tables
      5,237,596 dimension rows across 82 tables
      1.47 GB on disk in 1,220s
      manifest: data\lake\_manifest.json

defect profile 'realistic': 62,924,432 defects injected
      numeric_delivered_as_text          56,600,000
      locale_decimal_comma                1,697,886
      whitespace_padding                  1,504,908
      thousands_separator                 1,098,014
      case_inconsistency                    738,304
      sentinel_string                       474,210
      numeric_sentinel                      207,189
      null_required_field                   187,187
      duplicate_rows                         93,477
      negative_measure                       86,619
      truncated_identifier                   71,110
      orphan_foreign_key                     47,436
      unflagged_currency                     41,595
      epoch_timestamp                        31,635
